{"stage": "DISPATCHED", "role": "gemma", "coordinate": "main-network-F-new-r0-t01"}
{"stage": "RETURNED", "role": "gemma", "coordinate": "main-network-F-new-r0-t01", "elapsed_seconds": 11.086399154970422}
{"stage": "DISPATCHED", "role": "extractor", "coordinate": "main-network-F-new-r0-t01"}
{"stage": "RETURNED", "role": "extractor", "coordinate": "main-network-F-new-r0-t01", "elapsed_seconds": 1.658626029966399}
{"stage": "DISPATCHED", "role": "quinn", "coordinate": "main-network-F-new-r0-t02"}
{"stage": "RETURNED", "role": "quinn", "coordinate": "main-network-F-new-r0-t02", "elapsed_seconds": 0.7227166029624641}
{"stage": "DISPATCHED", "role": "gemma", "coordinate": "main-network-F-new-r0-t02"}
{"stage": "RETURNED", "role": "gemma", "coordinate": "main-network-F-new-r0-t02", "elapsed_seconds": 6.9991423229221255}
{"stage": "DISPATCHED", "role": "extractor", "coordinate": "main-network-F-new-r0-t02"}
{"stage": "RETURNED", "role": "extractor", "coordinate": "main-network-F-new-r0-t02", "elapsed_seconds": 1.115063264966011}
{"stage": "DISPATCHED", "role": "quinn", "coordinate": "main-network-F-new-r0-t03"}
{"stage": "RETURNED", "role": "quinn", "coordinate": "main-network-F-new-r0-t03", "elapsed_seconds": 0.6595226279459894}
{"stage": "DISPATCHED", "role": "gemma", "coordinate": "main-network-F-new-r0-t03"}
{"stage": "RETURNED", "role": "gemma", "coordinate": "main-network-F-new-r0-t03", "elapsed_seconds": 8.342267674161121}
{"stage": "DISPATCHED", "role": "extractor", "coordinate": "main-network-F-new-r0-t03"}
{"stage": "RETURNED", "role": "extractor", "coordinate": "main-network-F-new-r0-t03", "elapsed_seconds": 1.2178395979572088}
{"stage": "DISPATCHED", "role": "quinn", "coordinate": "main-network-F-new-r0-t04"}
{"stage": "RETURNED", "role": "quinn", "coordinate": "main-network-F-new-r0-t04", "elapsed_seconds": 1.4626249838620424}
{"stage": "DISPATCHED", "role": "gemma", "coordinate": "main-network-F-new-r0-t04"}
{"stage": "RETURNED", "role": "gemma", "coordinate": "main-network-F-new-r0-t04", "elapsed_seconds": 6.348209385992959}
{"stage": "DISPATCHED", "role": "extractor", "coordinate": "main-network-F-new-r0-t04"}
{"stage": "RETURNED", "role": "extractor", "coordinate": "main-network-F-new-r0-t04", "elapsed_seconds": 1.009803766850382}
{"stage": "DISPATCHED", "role": "quinn", "coordinate": "main-network-F-new-r0-t05"}
{"stage": "RETURNED", "role": "quinn", "coordinate": "main-network-F-new-r0-t05", "elapsed_seconds": 1.5264240719843656}
{"stage": "DISPATCHED", "role": "gemma", "coordinate": "main-network-F-new-r0-t05"}
{"stage": "RETURNED", "role": "gemma", "coordinate": "main-network-F-new-r0-t05", "elapsed_seconds": 8.975192041136324}
{"stage": "DISPATCHED", "role": "extractor", "coordinate": "main-network-F-new-r0-t05"}
{"stage": "RETURNED", "role": "extractor", "coordinate": "main-network-F-new-r0-t05", "elapsed_seconds": 1.3440031339414418}
{"stage": "DISPATCHED", "role": "quinn", "coordinate": "main-network-F-new-r0-t06"}
{"stage": "RETURNED", "role": "quinn", "coordinate": "main-network-F-new-r0-t06", "elapsed_seconds": 0.5659395940601826}
{"stage": "DISPATCHED", "role": "gemma", "coordinate": "main-network-F-new-r0-t06"}
{"stage": "RETURNED", "role": "gemma", "coordinate": "main-network-F-new-r0-t06", "elapsed_seconds": 9.52162122214213}
{"stage": "DISPATCHED", "role": "extractor", "coordinate": "main-network-F-new-r0-t06"}
{"stage": "RETURNED", "role": "extractor", "coordinate": "main-network-F-new-r0-t06", "elapsed_seconds": 1.4872446851804852}
{"stage": "DISPATCHED", "role": "quinn", "coordinate": "main-network-F-new-r0-t07"}
{"stage": "RETURNED", "role": "quinn", "coordinate": "main-network-F-new-r0-t07", "elapsed_seconds": 0.6221462439280003}
{"stage": "DISPATCHED", "role": "gemma", "coordinate": "main-network-F-new-r0-t07"}
{"stage": "RETURNED", "role": "gemma", "coordinate": "main-network-F-new-r0-t07", "elapsed_seconds": 11.818524802103639}
{"stage": "DISPATCHED", "role": "extractor", "coordinate": "main-network-F-new-r0-t07"}
{"stage": "RETURNED", "role": "extractor", "coordinate": "main-network-F-new-r0-t07", "elapsed_seconds": 1.831213457044214}
{"stage": "DISPATCHED", "role": "quinn", "coordinate": "main-network-F-new-r0-t08"}
{"stage": "RETURNED", "role": "quinn", "coordinate": "main-network-F-new-r0-t08", "elapsed_seconds": 1.2547301000449806}
{"stage": "DISPATCHED", "role": "gemma", "coordinate": "main-network-F-new-r0-t08"}
{"stage": "RETURNED", "role": "gemma", "coordinate": "main-network-F-new-r0-t08", "elapsed_seconds": 12.593100755941123}
{"stage": "DISPATCHED", "role": "extractor", "coordinate": "main-network-F-new-r0-t08"}
{"stage": "RETURNED", "role": "extractor", "coordinate": "main-network-F-new-r0-t08", "elapsed_seconds": 1.904968705959618}
{"stage": "DISPATCHED", "role": "quinn", "coordinate": "main-network-F-new-r0-t09"}
{"stage": "RETURNED", "role": "quinn", "coordinate": "main-network-F-new-r0-t09", "elapsed_seconds": 1.1639986110385507}
{"stage": "DISPATCHED", "role": "gemma", "coordinate": "main-network-F-new-r0-t09"}
{"stage": "RETURNED", "role": "gemma", "coordinate": "main-network-F-new-r0-t09", "elapsed_seconds": 10.872975941980258}
{"stage": "DISPATCHED", "role": "extractor", "coordinate": "main-network-F-new-r0-t09"}
{"stage": "RETURNED", "role": "extractor", "coordinate": "main-network-F-new-r0-t09", "elapsed_seconds": 1.7253797298762947}
{"stage": "DISPATCHED", "role": "quinn", "coordinate": "main-network-F-new-r0-t10"}
{"stage": "RETURNED", "role": "quinn", "coordinate": "main-network-F-new-r0-t10", "elapsed_seconds": 0.6500899631064385}
{"stage": "DISPATCHED", "role": "gemma", "coordinate": "main-network-F-new-r0-t10"}
{"stage": "RETURNED", "role": "gemma", "coordinate": "main-network-F-new-r0-t10", "elapsed_seconds": 10.544990187045187}
{"stage": "DISPATCHED", "role": "extractor", "coordinate": "main-network-F-new-r0-t10"}
{"stage": "RETURNED", "role": "extractor", "coordinate": "main-network-F-new-r0-t10", "elapsed_seconds": 1.6397366230376065}
{"stage": "DISPATCHED", "role": "gemma", "coordinate": "main-network-F-same-r0-t01"}
{"stage": "RETURNED", "role": "gemma", "coordinate": "main-network-F-same-r0-t01", "elapsed_seconds": 11.294847266050056}
{"stage": "DISPATCHED", "role": "extractor", "coordinate": "main-network-F-same-r0-t01"}
{"stage": "RETURNED", "role": "extractor", "coordinate": "main-network-F-same-r0-t01", "elapsed_seconds": 1.860907105030492}
{"stage": "DISPATCHED", "role": "quinn", "coordinate": "main-network-F-same-r0-t02"}
{"stage": "RETURNED", "role": "quinn", "coordinate": "main-network-F-same-r0-t02", "elapsed_seconds": 0.7062360709533095}
{"stage": "DISPATCHED", "role": "gemma", "coordinate": "main-network-F-same-r0-t02"}
{"stage": "RETURNED", "role": "gemma", "coordinate": "main-network-F-same-r0-t02", "elapsed_seconds": 9.475233976030722}
{"stage": "DISPATCHED", "role": "extractor", "coordinate": "main-network-F-same-r0-t02"}
{"stage": "RETURNED", "role": "extractor", "coordinate": "main-network-F-same-r0-t02", "elapsed_seconds": 1.463602539850399}
{"stage": "DISPATCHED", "role": "quinn", "coordinate": "main-network-F-same-r0-t03"}
{"stage": "RETURNED", "role": "quinn", "coordinate": "main-network-F-same-r0-t03", "elapsed_seconds": 0.8897629929706454}
{"stage": "DISPATCHED", "role": "gemma", "coordinate": "main-network-F-same-r0-t03"}
{"stage": "RETURNED", "role": "gemma", "coordinate": "main-network-F-same-r0-t03", "elapsed_seconds": 10.607728591188788}
{"stage": "DISPATCHED", "role": "extractor", "coordinate": "main-network-F-same-r0-t03"}
{"stage": "RETURNED", "role": "extractor", "coordinate": "main-network-F-same-r0-t03", "elapsed_seconds": 1.6843468479346484}
{"stage": "DISPATCHED", "role": "quinn", "coordinate": "main-network-F-same-r0-t04"}
{"stage": "RETURNED", "role": "quinn", "coordinate": "main-network-F-same-r0-t04", "elapsed_seconds": 0.7678399479482323}
{"stage": "DISPATCHED", "role": "gemma", "coordinate": "main-network-F-same-r0-t04"}
{"stage": "RETURNED", "role": "gemma", "coordinate": "main-network-F-same-r0-t04", "elapsed_seconds": 9.637033438077196}
{"stage": "DISPATCHED", "role": "extractor", "coordinate": "main-network-F-same-r0-t04"}
{"stage": "RETURNED", "role": "extractor", "coordinate": "main-network-F-same-r0-t04", "elapsed_seconds": 1.5142540619708598}
{"stage": "DISPATCHED", "role": "quinn", "coordinate": "main-network-F-same-r0-t05"}
{"stage": "RETURNED", "role": "quinn", "coordinate": "main-network-F-same-r0-t05", "elapsed_seconds": 0.7582581220194697}
{"stage": "DISPATCHED", "role": "gemma", "coordinate": "main-network-F-same-r0-t05"}
{"stage": "RETURNED", "role": "gemma", "coordinate": "main-network-F-same-r0-t05", "elapsed_seconds": 8.890835912898183}
{"stage": "DISPATCHED", "role": "extractor", "coordinate": "main-network-F-same-r0-t05"}
{"stage": "RETURNED", "role": "extractor", "coordinate": "main-network-F-same-r0-t05", "elapsed_seconds": 1.3822176798712462}
{"stage": "DISPATCHED", "role": "quinn", "coordinate": "main-network-F-same-r0-t06"}
{"stage": "RETURNED", "role": "quinn", "coordinate": "main-network-F-same-r0-t06", "elapsed_seconds": 0.8122979130130261}
{"stage": "DISPATCHED", "role": "gemma", "coordinate": "main-network-F-same-r0-t06"}
{"stage": "RETURNED", "role": "gemma", "coordinate": "main-network-F-same-r0-t06", "elapsed_seconds": 7.742337251082063}
{"stage": "DISPATCHED", "role": "extractor", "coordinate": "main-network-F-same-r0-t06"}
{"stage": "RETURNED", "role": "extractor", "coordinate": "main-network-F-same-r0-t06", "elapsed_seconds": 1.2054568119347095}
{"stage": "DISPATCHED", "role": "quinn", "coordinate": "main-network-F-same-r0-t07"}
{"stage": "RETURNED", "role": "quinn", "coordinate": "main-network-F-same-r0-t07", "elapsed_seconds": 0.8898943290114403}
{"stage": "DISPATCHED", "role": "gemma", "coordinate": "main-network-F-same-r0-t07"}
{"stage": "RETURNED", "role": "gemma", "coordinate": "main-network-F-same-r0-t07", "elapsed_seconds": 6.1268029641360044}
{"stage": "DISPATCHED", "role": "extractor", "coordinate": "main-network-F-same-r0-t07"}
{"stage": "RETURNED", "role": "extractor", "coordinate": "main-network-F-same-r0-t07", "elapsed_seconds": 1.0123174670152366}
{"stage": "DISPATCHED", "role": "quinn", "coordinate": "main-network-F-same-r0-t08"}
{"stage": "RETURNED", "role": "quinn", "coordinate": "main-network-F-same-r0-t08", "elapsed_seconds": 0.8295246039051563}
{"stage": "DISPATCHED", "role": "gemma", "coordinate": "main-network-F-same-r0-t08"}
{"stage": "RETURNED", "role": "gemma", "coordinate": "main-network-F-same-r0-t08", "elapsed_seconds": 6.689373032189906}
{"stage": "DISPATCHED", "role": "extractor", "coordinate": "main-network-F-same-r0-t08"}
{"stage": "RETURNED", "role": "extractor", "coordinate": "main-network-F-same-r0-t08", "elapsed_seconds": 1.0842333100736141}
{"stage": "DISPATCHED", "role": "quinn", "coordinate": "main-network-F-same-r0-t09"}
{"stage": "RETURNED", "role": "quinn", "coordinate": "main-network-F-same-r0-t09", "elapsed_seconds": 0.7724660080857575}
{"stage": "DISPATCHED", "role": "gemma", "coordinate": "main-network-F-same-r0-t09"}
{"stage": "RETURNED", "role": "gemma", "coordinate": "main-network-F-same-r0-t09", "elapsed_seconds": 4.648858855944127}
{"stage": "DISPATCHED", "role": "extractor", "coordinate": "main-network-F-same-r0-t09"}
{"stage": "RETURNED", "role": "extractor", "coordinate": "main-network-F-same-r0-t09", "elapsed_seconds": 0.8691721989307553}
{"stage": "DISPATCHED", "role": "quinn", "coordinate": "main-network-F-same-r0-t10"}
{"stage": "RETURNED", "role": "quinn", "coordinate": "main-network-F-same-r0-t10", "elapsed_seconds": 0.8579219880048186}
{"stage": "DISPATCHED", "role": "gemma", "coordinate": "main-network-F-same-r0-t10"}
{"stage": "RETURNED", "role": "gemma", "coordinate": "main-network-F-same-r0-t10", "elapsed_seconds": 5.814274261007085}
{"stage": "DISPATCHED", "role": "extractor", "coordinate": "main-network-F-same-r0-t10"}
{"stage": "RETURNED", "role": "extractor", "coordinate": "main-network-F-same-r0-t10", "elapsed_seconds": 1.0339740570634604}
{"stage": "DISPATCHED", "role": "gemma", "coordinate": "main-network-S-rephrased-r0-t01"}
{"stage": "RETURNED", "role": "gemma", "coordinate": "main-network-S-rephrased-r0-t01", "elapsed_seconds": 11.417366579873487}
{"stage": "DISPATCHED", "role": "extractor", "coordinate": "main-network-S-rephrased-r0-t01"}
{"stage": "RETURNED", "role": "extractor", "coordinate": "main-network-S-rephrased-r0-t01", "elapsed_seconds": 1.8695272791665047}
{"stage": "DISPATCHED", "role": "quinn", "coordinate": "main-network-S-rephrased-r0-t02"}
{"stage": "RETURNED", "role": "quinn", "coordinate": "main-network-S-rephrased-r0-t02", "elapsed_seconds": 0.8279684928711504}
{"stage": "DISPATCHED", "role": "gemma", "coordinate": "main-network-S-rephrased-r0-t02"}
{"stage": "RETURNED", "role": "gemma", "coordinate": "main-network-S-rephrased-r0-t02", "elapsed_seconds": 7.00852870894596}
{"stage": "DISPATCHED", "role": "extractor", "coordinate": "main-network-S-rephrased-r0-t02"}
{"stage": "RETURNED", "role": "extractor", "coordinate": "main-network-S-rephrased-r0-t02", "elapsed_seconds": 1.170017016120255}
{"stage": "DISPATCHED", "role": "quinn", "coordinate": "main-network-S-rephrased-r0-t03"}
{"stage": "RETURNED", "role": "quinn", "coordinate": "main-network-S-rephrased-r0-t03", "elapsed_seconds": 0.6794520600233227}
{"stage": "DISPATCHED", "role": "gemma", "coordinate": "main-network-S-rephrased-r0-t03"}
{"stage": "RETURNED", "role": "gemma", "coordinate": "main-network-S-rephrased-r0-t03", "elapsed_seconds": 8.905024711042643}
{"stage": "DISPATCHED", "role": "extractor", "coordinate": "main-network-S-rephrased-r0-t03"}
{"stage": "RETURNED", "role": "extractor", "coordinate": "main-network-S-rephrased-r0-t03", "elapsed_seconds": 1.4071689690463245}
{"stage": "DISPATCHED", "role": "quinn", "coordinate": "main-network-S-rephrased-r0-t04"}
{"stage": "RETURNED", "role": "quinn", "coordinate": "main-network-S-rephrased-r0-t04", "elapsed_seconds": 0.6140425249468535}
{"stage": "DISPATCHED", "role": "gemma", "coordinate": "main-network-S-rephrased-r0-t04"}
{"stage": "RETURNED", "role": "gemma", "coordinate": "main-network-S-rephrased-r0-t04", "elapsed_seconds": 8.625511339167133}
{"stage": "DISPATCHED", "role": "extractor", "coordinate": "main-network-S-rephrased-r0-t04"}
{"stage": "RETURNED", "role": "extractor", "coordinate": "main-network-S-rephrased-r0-t04", "elapsed_seconds": 1.36135214404203}
{"stage": "DISPATCHED", "role": "quinn", "coordinate": "main-network-S-rephrased-r0-t05"}
{"stage": "RETURNED", "role": "quinn", "coordinate": "main-network-S-rephrased-r0-t05", "elapsed_seconds": 1.0618305320385844}
{"stage": "DISPATCHED", "role": "gemma", "coordinate": "main-network-S-rephrased-r0-t05"}
{"stage": "RETURNED", "role": "gemma", "coordinate": "main-network-S-rephrased-r0-t05", "elapsed_seconds": 6.4394097831100225}
{"stage": "DISPATCHED", "role": "extractor", "coordinate": "main-network-S-rephrased-r0-t05"}
{"stage": "RETURNED", "role": "extractor", "coordinate": "main-network-S-rephrased-r0-t05", "elapsed_seconds": 1.0573909380473197}
{"stage": "DISPATCHED", "role": "quinn", "coordinate": "main-network-S-rephrased-r0-t06"}
{"stage": "RETURNED", "role": "quinn", "coordinate": "main-network-S-rephrased-r0-t06", "elapsed_seconds": 0.6367854999843985}
{"stage": "DISPATCHED", "role": "gemma", "coordinate": "main-network-S-rephrased-r0-t06"}
{"stage": "RETURNED", "role": "gemma", "coordinate": "main-network-S-rephrased-r0-t06", "elapsed_seconds": 5.530642969999462}
{"stage": "DISPATCHED", "role": "extractor", "coordinate": "main-network-S-rephrased-r0-t06"}
{"stage": "RETURNED", "role": "extractor", "coordinate": "main-network-S-rephrased-r0-t06", "elapsed_seconds": 1.0044810560066253}
{"stage": "DISPATCHED", "role": "quinn", "coordinate": "main-network-S-rephrased-r0-t07"}
{"stage": "RETURNED", "role": "quinn", "coordinate": "main-network-S-rephrased-r0-t07", "elapsed_seconds": 0.826582205016166}
{"stage": "DISPATCHED", "role": "gemma", "coordinate": "main-network-S-rephrased-r0-t07"}
{"stage": "RETURNED", "role": "gemma", "coordinate": "main-network-S-rephrased-r0-t07", "elapsed_seconds": 4.804387578973547}
{"stage": "DISPATCHED", "role": "extractor", "coordinate": "main-network-S-rephrased-r0-t07"}
{"stage": "RETURNED", "role": "extractor", "coordinate": "main-network-S-rephrased-r0-t07", "elapsed_seconds": 0.9505255499389023}
{"stage": "DISPATCHED", "role": "quinn", "coordinate": "main-network-S-rephrased-r0-t08"}
{"stage": "RETURNED", "role": "quinn", "coordinate": "main-network-S-rephrased-r0-t08", "elapsed_seconds": 0.8073119958862662}
{"stage": "DISPATCHED", "role": "gemma", "coordinate": "main-network-S-rephrased-r0-t08"}
{"stage": "RETURNED", "role": "gemma", "coordinate": "main-network-S-rephrased-r0-t08", "elapsed_seconds": 5.9935535890981555}
{"stage": "DISPATCHED", "role": "extractor", "coordinate": "main-network-S-rephrased-r0-t08"}
{"stage": "RETURNED", "role": "extractor", "coordinate": "main-network-S-rephrased-r0-t08", "elapsed_seconds": 1.0721196469385177}
{"stage": "DISPATCHED", "role": "quinn", "coordinate": "main-network-S-rephrased-r0-t09"}
{"stage": "RETURNED", "role": "quinn", "coordinate": "main-network-S-rephrased-r0-t09", "elapsed_seconds": 0.8966044429689646}
{"stage": "DISPATCHED", "role": "gemma", "coordinate": "main-network-S-rephrased-r0-t09"}
{"stage": "RETURNED", "role": "gemma", "coordinate": "main-network-S-rephrased-r0-t09", "elapsed_seconds": 4.095617829822004}
{"stage": "DISPATCHED", "role": "extractor", "coordinate": "main-network-S-rephrased-r0-t09"}
{"stage": "RETURNED", "role": "extractor", "coordinate": "main-network-S-rephrased-r0-t09", "elapsed_seconds": 0.8893484070431441}
{"stage": "DISPATCHED", "role": "quinn", "coordinate": "main-network-S-rephrased-r0-t10"}
{"stage": "RETURNED", "role": "quinn", "coordinate": "main-network-S-rephrased-r0-t10", "elapsed_seconds": 0.8490287070162594}
{"stage": "DISPATCHED", "role": "gemma", "coordinate": "main-network-S-rephrased-r0-t10"}
{"stage": "RETURNED", "role": "gemma", "coordinate": "main-network-S-rephrased-r0-t10", "elapsed_seconds": 5.982420957880095}
{"stage": "DISPATCHED", "role": "extractor", "coordinate": "main-network-S-rephrased-r0-t10"}
{"stage": "RETURNED", "role": "extractor", "coordinate": "main-network-S-rephrased-r0-t10", "elapsed_seconds": 1.0799359080847353}
{"stage": "DISPATCHED", "role": "gemma", "coordinate": "main-watering-F-new-r0-t01"}
{"stage": "RETURNED", "role": "gemma", "coordinate": "main-watering-F-new-r0-t01", "elapsed_seconds": 8.994384526042268}
{"stage": "DISPATCHED", "role": "extractor", "coordinate": "main-watering-F-new-r0-t01"}
{"stage": "RETURNED", "role": "extractor", "coordinate": "main-watering-F-new-r0-t01", "elapsed_seconds": 1.5794157239142805}
{"stage": "DISPATCHED", "role": "quinn", "coordinate": "main-watering-F-new-r0-t02"}
{"stage": "RETURNED", "role": "quinn", "coordinate": "main-watering-F-new-r0-t02", "elapsed_seconds": 0.750171503983438}
{"stage": "DISPATCHED", "role": "gemma", "coordinate": "main-watering-F-new-r0-t02"}
{"stage": "RETURNED", "role": "gemma", "coordinate": "main-watering-F-new-r0-t02", "elapsed_seconds": 10.148544264957309}
{"stage": "DISPATCHED", "role": "extractor", "coordinate": "main-watering-F-new-r0-t02"}
{"stage": "RETURNED", "role": "extractor", "coordinate": "main-watering-F-new-r0-t02", "elapsed_seconds": 1.6548290199134499}
{"stage": "DISPATCHED", "role": "quinn", "coordinate": "main-watering-F-new-r0-t03"}
{"stage": "RETURNED", "role": "quinn", "coordinate": "main-watering-F-new-r0-t03", "elapsed_seconds": 0.9111064500175416}
{"stage": "DISPATCHED", "role": "gemma", "coordinate": "main-watering-F-new-r0-t03"}
{"stage": "RETURNED", "role": "gemma", "coordinate": "main-watering-F-new-r0-t03", "elapsed_seconds": 5.663879667874426}
{"stage": "DISPATCHED", "role": "extractor", "coordinate": "main-watering-F-new-r0-t03"}
{"stage": "RETURNED", "role": "extractor", "coordinate": "main-watering-F-new-r0-t03", "elapsed_seconds": 0.9558377268258482}
{"stage": "DISPATCHED", "role": "quinn", "coordinate": "main-watering-F-new-r0-t04"}
{"stage": "RETURNED", "role": "quinn", "coordinate": "main-watering-F-new-r0-t04", "elapsed_seconds": 0.6802031809929758}
{"stage": "DISPATCHED", "role": "gemma", "coordinate": "main-watering-F-new-r0-t04"}
{"stage": "RETURNED", "role": "gemma", "coordinate": "main-watering-F-new-r0-t04", "elapsed_seconds": 6.8671042188070714}
{"stage": "DISPATCHED", "role": "extractor", "coordinate": "main-watering-F-new-r0-t04"}
{"stage": "RETURNED", "role": "extractor", "coordinate": "main-watering-F-new-r0-t04", "elapsed_seconds": 1.137414385098964}
{"stage": "DISPATCHED", "role": "quinn", "coordinate": "main-watering-F-new-r0-t05"}
{"stage": "RETURNED", "role": "quinn", "coordinate": "main-watering-F-new-r0-t05", "elapsed_seconds": 0.5866399151273072}
{"stage": "DISPATCHED", "role": "gemma", "coordinate": "main-watering-F-new-r0-t05"}
{"stage": "RETURNED", "role": "gemma", "coordinate": "main-watering-F-new-r0-t05", "elapsed_seconds": 6.9890961409546435}
{"stage": "DISPATCHED", "role": "extractor", "coordinate": "main-watering-F-new-r0-t05"}
{"stage": "RETURNED", "role": "extractor", "coordinate": "main-watering-F-new-r0-t05", "elapsed_seconds": 1.212053710129112}
{"stage": "DISPATCHED", "role": "quinn", "coordinate": "main-watering-F-new-r0-t06"}
{"stage": "RETURNED", "role": "quinn", "coordinate": "main-watering-F-new-r0-t06", "elapsed_seconds": 0.7631559299770743}
{"stage": "DISPATCHED", "role": "gemma", "coordinate": "main-watering-F-new-r0-t06"}
{"stage": "RETURNED", "role": "gemma", "coordinate": "main-watering-F-new-r0-t06", "elapsed_seconds": 6.144732241984457}
{"stage": "DISPATCHED", "role": "extractor", "coordinate": "main-watering-F-new-r0-t06"}
{"stage": "RETURNED", "role": "extractor", "coordinate": "main-watering-F-new-r0-t06", "elapsed_seconds": 1.0539450361393392}
{"stage": "DISPATCHED", "role": "quinn", "coordinate": "main-watering-F-new-r0-t07"}
{"stage": "RETURNED", "role": "quinn", "coordinate": "main-watering-F-new-r0-t07", "elapsed_seconds": 0.725794019876048}
{"stage": "DISPATCHED", "role": "gemma", "coordinate": "main-watering-F-new-r0-t07"}
{"stage": "RETURNED", "role": "gemma", "coordinate": "main-watering-F-new-r0-t07", "elapsed_seconds": 7.314374388894066}
{"stage": "DISPATCHED", "role": "extractor", "coordinate": "main-watering-F-new-r0-t07"}
{"stage": "RETURNED", "role": "extractor", "coordinate": "main-watering-F-new-r0-t07", "elapsed_seconds": 1.1692302350420505}
{"stage": "DISPATCHED", "role": "quinn", "coordinate": "main-watering-F-new-r0-t08"}
{"stage": "RETURNED", "role": "quinn", "coordinate": "main-watering-F-new-r0-t08", "elapsed_seconds": 1.0304717500694096}
{"stage": "DISPATCHED", "role": "gemma", "coordinate": "main-watering-F-new-r0-t08"}
{"stage": "RETURNED", "role": "gemma", "coordinate": "main-watering-F-new-r0-t08", "elapsed_seconds": 3.278742351802066}
{"stage": "DISPATCHED", "role": "extractor", "coordinate": "main-watering-F-new-r0-t08"}
{"stage": "RETURNED", "role": "extractor", "coordinate": "main-watering-F-new-r0-t08", "elapsed_seconds": 0.7289412480313331}
{"stage": "DISPATCHED", "role": "quinn", "coordinate": "main-watering-F-new-r0-t09"}
{"stage": "RETURNED", "role": "quinn", "coordinate": "main-watering-F-new-r0-t09", "elapsed_seconds": 0.6703946141060442}
{"stage": "DISPATCHED", "role": "gemma", "coordinate": "main-watering-F-new-r0-t09"}
{"stage": "RETURNED", "role": "gemma", "coordinate": "main-watering-F-new-r0-t09", "elapsed_seconds": 8.258725561900064}
{"stage": "DISPATCHED", "role": "extractor", "coordinate": "main-watering-F-new-r0-t09"}
{"stage": "RETURNED", "role": "extractor", "coordinate": "main-watering-F-new-r0-t09", "elapsed_seconds": 1.4037527840118855}
{"stage": "DISPATCHED", "role": "quinn", "coordinate": "main-watering-F-new-r0-t10"}
{"stage": "RETURNED", "role": "quinn", "coordinate": "main-watering-F-new-r0-t10", "elapsed_seconds": 1.008129816967994}
{"stage": "DISPATCHED", "role": "gemma", "coordinate": "main-watering-F-new-r0-t10"}
{"stage": "RETURNED", "role": "gemma", "coordinate": "main-watering-F-new-r0-t10", "elapsed_seconds": 6.298686684109271}
{"stage": "DISPATCHED", "role": "extractor", "coordinate": "main-watering-F-new-r0-t10"}
{"stage": "RETURNED", "role": "extractor", "coordinate": "main-watering-F-new-r0-t10", "elapsed_seconds": 1.1102029581088573}
{"stage": "DISPATCHED", "role": "gemma", "coordinate": "main-watering-F-same-r0-t01"}
{"stage": "RETURNED", "role": "gemma", "coordinate": "main-watering-F-same-r0-t01", "elapsed_seconds": 9.003131655044854}
{"stage": "DISPATCHED", "role": "extractor", "coordinate": "main-watering-F-same-r0-t01"}
{"stage": "RETURNED", "role": "extractor", "coordinate": "main-watering-F-same-r0-t01", "elapsed_seconds": 1.6227234478574246}
{"stage": "DISPATCHED", "role": "quinn", "coordinate": "main-watering-F-same-r0-t02"}
{"stage": "RETURNED", "role": "quinn", "coordinate": "main-watering-F-same-r0-t02", "elapsed_seconds": 1.0738303968682885}
{"stage": "DISPATCHED", "role": "gemma", "coordinate": "main-watering-F-same-r0-t02"}
{"stage": "RETURNED", "role": "gemma", "coordinate": "main-watering-F-same-r0-t02", "elapsed_seconds": 11.311077294871211}
{"stage": "DISPATCHED", "role": "extractor", "coordinate": "main-watering-F-same-r0-t02"}
{"stage": "RETURNED", "role": "extractor", "coordinate": "main-watering-F-same-r0-t02", "elapsed_seconds": 1.689747289987281}
{"stage": "DISPATCHED", "role": "quinn", "coordinate": "main-watering-F-same-r0-t03"}
{"stage": "RETURNED", "role": "quinn", "coordinate": "main-watering-F-same-r0-t03", "elapsed_seconds": 0.9245727539528161}
{"stage": "DISPATCHED", "role": "gemma", "coordinate": "main-watering-F-same-r0-t03"}
{"stage": "RETURNED", "role": "gemma", "coordinate": "main-watering-F-same-r0-t03", "elapsed_seconds": 8.095582873094827}
{"stage": "DISPATCHED", "role": "extractor", "coordinate": "main-watering-F-same-r0-t03"}
{"stage": "RETURNED", "role": "extractor", "coordinate": "main-watering-F-same-r0-t03", "elapsed_seconds": 1.283949897158891}
{"stage": "DISPATCHED", "role": "quinn", "coordinate": "main-watering-F-same-r0-t04"}
{"stage": "RETURNED", "role": "quinn", "coordinate": "main-watering-F-same-r0-t04", "elapsed_seconds": 0.8133954128716141}
{"stage": "DISPATCHED", "role": "gemma", "coordinate": "main-watering-F-same-r0-t04"}
{"stage": "RETURNED", "role": "gemma", "coordinate": "main-watering-F-same-r0-t04", "elapsed_seconds": 9.18723347503692}
{"stage": "DISPATCHED", "role": "extractor", "coordinate": "main-watering-F-same-r0-t04"}
{"stage": "RETURNED", "role": "extractor", "coordinate": "main-watering-F-same-r0-t04", "elapsed_seconds": 1.4156050481833518}
{"stage": "DISPATCHED", "role": "quinn", "coordinate": "main-watering-F-same-r0-t05"}
{"stage": "RETURNED", "role": "quinn", "coordinate": "main-watering-F-same-r0-t05", "elapsed_seconds": 0.8058487090747803}
{"stage": "DISPATCHED", "role": "gemma", "coordinate": "main-watering-F-same-r0-t05"}
{"stage": "RETURNED", "role": "gemma", "coordinate": "main-watering-F-same-r0-t05", "elapsed_seconds": 10.090551249915734}
{"stage": "DISPATCHED", "role": "extractor", "coordinate": "main-watering-F-same-r0-t05"}
{"stage": "RETURNED", "role": "extractor", "coordinate": "main-watering-F-same-r0-t05", "elapsed_seconds": 1.663548227865249}
{"stage": "DISPATCHED", "role": "quinn", "coordinate": "main-watering-F-same-r0-t06"}
{"stage": "RETURNED", "role": "quinn", "coordinate": "main-watering-F-same-r0-t06", "elapsed_seconds": 1.0550765921361744}
{"stage": "DISPATCHED", "role": "gemma", "coordinate": "main-watering-F-same-r0-t06"}
{"stage": "RETURNED", "role": "gemma", "coordinate": "main-watering-F-same-r0-t06", "elapsed_seconds": 6.124856492038816}
{"stage": "DISPATCHED", "role": "extractor", "coordinate": "main-watering-F-same-r0-t06"}
{"stage": "RETURNED", "role": "extractor", "coordinate": "main-watering-F-same-r0-t06", "elapsed_seconds": 1.0291206289548427}
{"stage": "DISPATCHED", "role": "quinn", "coordinate": "main-watering-F-same-r0-t07"}
{"stage": "RETURNED", "role": "quinn", "coordinate": "main-watering-F-same-r0-t07", "elapsed_seconds": 1.2147835060022771}
{"stage": "DISPATCHED", "role": "gemma", "coordinate": "main-watering-F-same-r0-t07"}
{"stage": "RETURNED", "role": "gemma", "coordinate": "main-watering-F-same-r0-t07", "elapsed_seconds": 6.950786603847519}
{"stage": "DISPATCHED", "role": "extractor", "coordinate": "main-watering-F-same-r0-t07"}
{"stage": "RETURNED", "role": "extractor", "coordinate": "main-watering-F-same-r0-t07", "elapsed_seconds": 1.1624340878333896}
{"stage": "DISPATCHED", "role": "quinn", "coordinate": "main-watering-F-same-r0-t08"}
{"stage": "RETURNED", "role": "quinn", "coordinate": "main-watering-F-same-r0-t08", "elapsed_seconds": 0.8646007569041103}
{"stage": "DISPATCHED", "role": "gemma", "coordinate": "main-watering-F-same-r0-t08"}
{"stage": "RETURNED", "role": "gemma", "coordinate": "main-watering-F-same-r0-t08", "elapsed_seconds": 5.654553137952462}
{"stage": "DISPATCHED", "role": "extractor", "coordinate": "main-watering-F-same-r0-t08"}
{"stage": "RETURNED", "role": "extractor", "coordinate": "main-watering-F-same-r0-t08", "elapsed_seconds": 1.0201334729790688}
{"stage": "DISPATCHED", "role": "quinn", "coordinate": "main-watering-F-same-r0-t09"}
{"stage": "RETURNED", "role": "quinn", "coordinate": "main-watering-F-same-r0-t09", "elapsed_seconds": 0.7209645609837025}
{"stage": "DISPATCHED", "role": "gemma", "coordinate": "main-watering-F-same-r0-t09"}
{"stage": "RETURNED", "role": "gemma", "coordinate": "main-watering-F-same-r0-t09", "elapsed_seconds": 5.603441016981378}
{"stage": "DISPATCHED", "role": "extractor", "coordinate": "main-watering-F-same-r0-t09"}
{"stage": "RETURNED", "role": "extractor", "coordinate": "main-watering-F-same-r0-t09", "elapsed_seconds": 0.9944815221242607}
{"stage": "DISPATCHED", "role": "quinn", "coordinate": "main-watering-F-same-r0-t10"}
{"stage": "RETURNED", "role": "quinn", "coordinate": "main-watering-F-same-r0-t10", "elapsed_seconds": 0.9208570108748972}
{"stage": "DISPATCHED", "role": "gemma", "coordinate": "main-watering-F-same-r0-t10"}
{"stage": "RETURNED", "role": "gemma", "coordinate": "main-watering-F-same-r0-t10", "elapsed_seconds": 6.335000445134938}
{"stage": "DISPATCHED", "role": "extractor", "coordinate": "main-watering-F-same-r0-t10"}
{"stage": "RETURNED", "role": "extractor", "coordinate": "main-watering-F-same-r0-t10", "elapsed_seconds": 1.1404772337991744}
{"stage": "DISPATCHED", "role": "gemma", "coordinate": "main-watering-S-rephrased-r0-t01"}
{"stage": "RETURNED", "role": "gemma", "coordinate": "main-watering-S-rephrased-r0-t01", "elapsed_seconds": 8.981007314054295}
{"stage": "DISPATCHED", "role": "extractor", "coordinate": "main-watering-S-rephrased-r0-t01"}
{"stage": "RETURNED", "role": "extractor", "coordinate": "main-watering-S-rephrased-r0-t01", "elapsed_seconds": 1.588935336098075}
{"stage": "DISPATCHED", "role": "quinn", "coordinate": "main-watering-S-rephrased-r0-t02"}
{"stage": "RETURNED", "role": "quinn", "coordinate": "main-watering-S-rephrased-r0-t02", "elapsed_seconds": 0.9797570060472935}
{"stage": "DISPATCHED", "role": "gemma", "coordinate": "main-watering-S-rephrased-r0-t02"}
{"stage": "RETURNED", "role": "gemma", "coordinate": "main-watering-S-rephrased-r0-t02", "elapsed_seconds": 8.863025770056993}
{"stage": "DISPATCHED", "role": "extractor", "coordinate": "main-watering-S-rephrased-r0-t02"}
{"stage": "RETURNED", "role": "extractor", "coordinate": "main-watering-S-rephrased-r0-t02", "elapsed_seconds": 1.4204777211416513}
{"stage": "DISPATCHED", "role": "quinn", "coordinate": "main-watering-S-rephrased-r0-t03"}
{"stage": "RETURNED", "role": "quinn", "coordinate": "main-watering-S-rephrased-r0-t03", "elapsed_seconds": 0.8025959301739931}
{"stage": "DISPATCHED", "role": "gemma", "coordinate": "main-watering-S-rephrased-r0-t03"}
{"stage": "RETURNED", "role": "gemma", "coordinate": "main-watering-S-rephrased-r0-t03", "elapsed_seconds": 8.273406910011545}
{"stage": "DISPATCHED", "role": "extractor", "coordinate": "main-watering-S-rephrased-r0-t03"}
{"stage": "RETURNED", "role": "extractor", "coordinate": "main-watering-S-rephrased-r0-t03", "elapsed_seconds": 1.3409393618348986}
{"stage": "DISPATCHED", "role": "quinn", "coordinate": "main-watering-S-rephrased-r0-t04"}
{"stage": "RETURNED", "role": "quinn", "coordinate": "main-watering-S-rephrased-r0-t04", "elapsed_seconds": 0.78878910606727}
{"stage": "DISPATCHED", "role": "gemma", "coordinate": "main-watering-S-rephrased-r0-t04"}
{"stage": "RETURNED", "role": "gemma", "coordinate": "main-watering-S-rephrased-r0-t04", "elapsed_seconds": 3.964879514882341}
{"stage": "DISPATCHED", "role": "extractor", "coordinate": "main-watering-S-rephrased-r0-t04"}
{"stage": "RETURNED", "role": "extractor", "coordinate": "main-watering-S-rephrased-r0-t04", "elapsed_seconds": 0.8385330229066312}
{"stage": "DISPATCHED", "role": "quinn", "coordinate": "main-watering-S-rephrased-r0-t05"}
{"stage": "RETURNED", "role": "quinn", "coordinate": "main-watering-S-rephrased-r0-t05", "elapsed_seconds": 0.697435470065102}
{"stage": "DISPATCHED", "role": "gemma", "coordinate": "main-watering-S-rephrased-r0-t05"}
{"stage": "RETURNED", "role": "gemma", "coordinate": "main-watering-S-rephrased-r0-t05", "elapsed_seconds": 6.676543291192502}
{"stage": "DISPATCHED", "role": "extractor", "coordinate": "main-watering-S-rephrased-r0-t05"}
{"stage": "RETURNED", "role": "extractor", "coordinate": "main-watering-S-rephrased-r0-t05", "elapsed_seconds": 1.1998262868728489}
{"stage": "DISPATCHED", "role": "quinn", "coordinate": "main-watering-S-rephrased-r0-t06"}
{"stage": "RETURNED", "role": "quinn", "coordinate": "main-watering-S-rephrased-r0-t06", "elapsed_seconds": 0.7353571821004152}
{"stage": "DISPATCHED", "role": "gemma", "coordinate": "main-watering-S-rephrased-r0-t06"}
{"stage": "RETURNED", "role": "gemma", "coordinate": "main-watering-S-rephrased-r0-t06", "elapsed_seconds": 5.717366261174902}
{"stage": "DISPATCHED", "role": "extractor", "coordinate": "main-watering-S-rephrased-r0-t06"}
{"stage": "RETURNED", "role": "extractor", "coordinate": "main-watering-S-rephrased-r0-t06", "elapsed_seconds": 1.0340155740268528}
{"stage": "DISPATCHED", "role": "quinn", "coordinate": "main-watering-S-rephrased-r0-t07"}
{"stage": "RETURNED", "role": "quinn", "coordinate": "main-watering-S-rephrased-r0-t07", "elapsed_seconds": 0.8161887179594487}
{"stage": "DISPATCHED", "role": "gemma", "coordinate": "main-watering-S-rephrased-r0-t07"}
{"stage": "RETURNED", "role": "gemma", "coordinate": "main-watering-S-rephrased-r0-t07", "elapsed_seconds": 7.2405965242069215}
{"stage": "DISPATCHED", "role": "extractor", "coordinate": "main-watering-S-rephrased-r0-t07"}
{"stage": "RETURNED", "role": "extractor", "coordinate": "main-watering-S-rephrased-r0-t07", "elapsed_seconds": 1.249792258022353}
{"stage": "DISPATCHED", "role": "quinn", "coordinate": "main-watering-S-rephrased-r0-t08"}
{"stage": "RETURNED", "role": "quinn", "coordinate": "main-watering-S-rephrased-r0-t08", "elapsed_seconds": 0.75280413008295}
{"stage": "DISPATCHED", "role": "gemma", "coordinate": "main-watering-S-rephrased-r0-t08"}
{"stage": "RETURNED", "role": "gemma", "coordinate": "main-watering-S-rephrased-r0-t08", "elapsed_seconds": 8.494256129022688}
{"stage": "DISPATCHED", "role": "extractor", "coordinate": "main-watering-S-rephrased-r0-t08"}
{"stage": "RETURNED", "role": "extractor", "coordinate": "main-watering-S-rephrased-r0-t08", "elapsed_seconds": 1.396526134107262}
{"stage": "DISPATCHED", "role": "quinn", "coordinate": "main-watering-S-rephrased-r0-t09"}
{"stage": "RETURNED", "role": "quinn", "coordinate": "main-watering-S-rephrased-r0-t09", "elapsed_seconds": 0.8023339849896729}
{"stage": "DISPATCHED", "role": "gemma", "coordinate": "main-watering-S-rephrased-r0-t09"}
{"stage": "RETURNED", "role": "gemma", "coordinate": "main-watering-S-rephrased-r0-t09", "elapsed_seconds": 8.207959884079173}
{"stage": "DISPATCHED", "role": "extractor", "coordinate": "main-watering-S-rephrased-r0-t09"}
{"stage": "RETURNED", "role": "extractor", "coordinate": "main-watering-S-rephrased-r0-t09", "elapsed_seconds": 1.3482141999993473}
{"stage": "DISPATCHED", "role": "quinn", "coordinate": "main-watering-S-rephrased-r0-t10"}
{"stage": "RETURNED", "role": "quinn", "coordinate": "main-watering-S-rephrased-r0-t10", "elapsed_seconds": 0.8935117751825601}
{"stage": "DISPATCHED", "role": "gemma", "coordinate": "main-watering-S-rephrased-r0-t10"}
{"stage": "RETURNED", "role": "gemma", "coordinate": "main-watering-S-rephrased-r0-t10", "elapsed_seconds": 9.378697623033077}
{"stage": "DISPATCHED", "role": "extractor", "coordinate": "main-watering-S-rephrased-r0-t10"}
{"stage": "RETURNED", "role": "extractor", "coordinate": "main-watering-S-rephrased-r0-t10", "elapsed_seconds": 1.5715008741244674}
{"stage": "DISPATCHED", "role": "gemma", "coordinate": "main-baking-F-new-r0-t01"}
{"stage": "RETURNED", "role": "gemma", "coordinate": "main-baking-F-new-r0-t01", "elapsed_seconds": 5.758670668117702}
{"stage": "DISPATCHED", "role": "extractor", "coordinate": "main-baking-F-new-r0-t01"}
{"stage": "RETURNED", "role": "extractor", "coordinate": "main-baking-F-new-r0-t01", "elapsed_seconds": 1.0674793981015682}
{"stage": "DISPATCHED", "role": "quinn", "coordinate": "main-baking-F-new-r0-t02"}
{"stage": "RETURNED", "role": "quinn", "coordinate": "main-baking-F-new-r0-t02", "elapsed_seconds": 0.6731730031315237}
{"stage": "DISPATCHED", "role": "gemma", "coordinate": "main-baking-F-new-r0-t02"}
{"stage": "RETURNED", "role": "gemma", "coordinate": "main-baking-F-new-r0-t02", "elapsed_seconds": 6.906425316119567}
{"stage": "DISPATCHED", "role": "extractor", "coordinate": "main-baking-F-new-r0-t02"}
{"stage": "RETURNED", "role": "extractor", "coordinate": "main-baking-F-new-r0-t02", "elapsed_seconds": 1.1865963458549231}
{"stage": "DISPATCHED", "role": "quinn", "coordinate": "main-baking-F-new-r0-t03"}
{"stage": "RETURNED", "role": "quinn", "coordinate": "main-baking-F-new-r0-t03", "elapsed_seconds": 0.9841301611158997}
{"stage": "DISPATCHED", "role": "gemma", "coordinate": "main-baking-F-new-r0-t03"}
{"stage": "RETURNED", "role": "gemma", "coordinate": "main-baking-F-new-r0-t03", "elapsed_seconds": 7.02222059504129}
{"stage": "DISPATCHED", "role": "extractor", "coordinate": "main-baking-F-new-r0-t03"}
{"stage": "RETURNED", "role": "extractor", "coordinate": "main-baking-F-new-r0-t03", "elapsed_seconds": 1.1311167951207608}
{"stage": "DISPATCHED", "role": "quinn", "coordinate": "main-baking-F-new-r0-t04"}
{"stage": "RETURNED", "role": "quinn", "coordinate": "main-baking-F-new-r0-t04", "elapsed_seconds": 0.6069590270053595}
{"stage": "DISPATCHED", "role": "gemma", "coordinate": "main-baking-F-new-r0-t04"}
{"stage": "RETURNED", "role": "gemma", "coordinate": "main-baking-F-new-r0-t04", "elapsed_seconds": 6.791580833029002}
{"stage": "DISPATCHED", "role": "extractor", "coordinate": "main-baking-F-new-r0-t04"}
{"stage": "RETURNED", "role": "extractor", "coordinate": "main-baking-F-new-r0-t04", "elapsed_seconds": 1.0830498370341957}
{"stage": "DISPATCHED", "role": "quinn", "coordinate": "main-baking-F-new-r0-t05"}
{"stage": "RETURNED", "role": "quinn", "coordinate": "main-baking-F-new-r0-t05", "elapsed_seconds": 0.6276474900078028}
{"stage": "DISPATCHED", "role": "gemma", "coordinate": "main-baking-F-new-r0-t05"}
{"stage": "RETURNED", "role": "gemma", "coordinate": "main-baking-F-new-r0-t05", "elapsed_seconds": 8.025833768071607}
{"stage": "DISPATCHED", "role": "extractor", "coordinate": "main-baking-F-new-r0-t05"}
{"stage": "RETURNED", "role": "extractor", "coordinate": "main-baking-F-new-r0-t05", "elapsed_seconds": 1.2698888459708542}
{"stage": "DISPATCHED", "role": "quinn", "coordinate": "main-baking-F-new-r0-t06"}
{"stage": "RETURNED", "role": "quinn", "coordinate": "main-baking-F-new-r0-t06", "elapsed_seconds": 0.6677749450318515}
{"stage": "DISPATCHED", "role": "gemma", "coordinate": "main-baking-F-new-r0-t06"}
{"stage": "RETURNED", "role": "gemma", "coordinate": "main-baking-F-new-r0-t06", "elapsed_seconds": 5.619924708968028}
{"stage": "DISPATCHED", "role": "extractor", "coordinate": "main-baking-F-new-r0-t06"}
{"stage": "RETURNED", "role": "extractor", "coordinate": "main-baking-F-new-r0-t06", "elapsed_seconds": 1.003753534052521}
{"stage": "DISPATCHED", "role": "quinn", "coordinate": "main-baking-F-new-r0-t07"}
{"stage": "RETURNED", "role": "quinn", "coordinate": "main-baking-F-new-r0-t07", "elapsed_seconds": 0.7745890731457621}
{"stage": "DISPATCHED", "role": "gemma", "coordinate": "main-baking-F-new-r0-t07"}
{"stage": "RETURNED", "role": "gemma", "coordinate": "main-baking-F-new-r0-t07", "elapsed_seconds": 7.602845991961658}
{"stage": "DISPATCHED", "role": "extractor", "coordinate": "main-baking-F-new-r0-t07"}
{"stage": "RETURNED", "role": "extractor", "coordinate": "main-baking-F-new-r0-t07", "elapsed_seconds": 1.2548889219760895}
{"stage": "DISPATCHED", "role": "quinn", "coordinate": "main-baking-F-new-r0-t08"}
{"stage": "RETURNED", "role": "quinn", "coordinate": "main-baking-F-new-r0-t08", "elapsed_seconds": 0.5686619631014764}
{"stage": "DISPATCHED", "role": "gemma", "coordinate": "main-baking-F-new-r0-t08"}
{"stage": "RETURNED", "role": "gemma", "coordinate": "main-baking-F-new-r0-t08", "elapsed_seconds": 7.0247286420781165}
{"stage": "DISPATCHED", "role": "extractor", "coordinate": "main-baking-F-new-r0-t08"}
{"stage": "RETURNED", "role": "extractor", "coordinate": "main-baking-F-new-r0-t08", "elapsed_seconds": 1.1812081539537758}
{"stage": "DISPATCHED", "role": "quinn", "coordinate": "main-baking-F-new-r0-t09"}
{"stage": "RETURNED", "role": "quinn", "coordinate": "main-baking-F-new-r0-t09", "elapsed_seconds": 0.7198325938079506}
{"stage": "DISPATCHED", "role": "gemma", "coordinate": "main-baking-F-new-r0-t09"}
{"stage": "RETURNED", "role": "gemma", "coordinate": "main-baking-F-new-r0-t09", "elapsed_seconds": 7.087919152108952}
{"stage": "DISPATCHED", "role": "extractor", "coordinate": "main-baking-F-new-r0-t09"}
{"stage": "RETURNED", "role": "extractor", "coordinate": "main-baking-F-new-r0-t09", "elapsed_seconds": 1.1751899609807879}
{"stage": "DISPATCHED", "role": "quinn", "coordinate": "main-baking-F-new-r0-t10"}
{"stage": "RETURNED", "role": "quinn", "coordinate": "main-baking-F-new-r0-t10", "elapsed_seconds": 1.1515934551134706}
{"stage": "DISPATCHED", "role": "gemma", "coordinate": "main-baking-F-same-r0-t01"}
{"stage": "RETURNED", "role": "gemma", "coordinate": "main-baking-F-same-r0-t01", "elapsed_seconds": 5.734066306846216}
{"stage": "DISPATCHED", "role": "extractor", "coordinate": "main-baking-F-same-r0-t01"}
{"stage": "RETURNED", "role": "extractor", "coordinate": "main-baking-F-same-r0-t01", "elapsed_seconds": 1.0300711479503661}
{"stage": "DISPATCHED", "role": "quinn", "coordinate": "main-baking-F-same-r0-t02"}
{"stage": "RETURNED", "role": "quinn", "coordinate": "main-baking-F-same-r0-t02", "elapsed_seconds": 0.8664855810347944}
{"stage": "DISPATCHED", "role": "gemma", "coordinate": "main-baking-F-same-r0-t02"}
{"stage": "RETURNED", "role": "gemma", "coordinate": "main-baking-F-same-r0-t02", "elapsed_seconds": 6.547424805816263}
{"stage": "DISPATCHED", "role": "extractor", "coordinate": "main-baking-F-same-r0-t02"}
{"stage": "RETURNED", "role": "extractor", "coordinate": "main-baking-F-same-r0-t02", "elapsed_seconds": 1.1123335019219667}
{"stage": "DISPATCHED", "role": "quinn", "coordinate": "main-baking-F-same-r0-t03"}
{"stage": "RETURNED", "role": "quinn", "coordinate": "main-baking-F-same-r0-t03", "elapsed_seconds": 0.7461009740363806}
{"stage": "DISPATCHED", "role": "gemma", "coordinate": "main-baking-F-same-r0-t03"}
{"stage": "RETURNED", "role": "gemma", "coordinate": "main-baking-F-same-r0-t03", "elapsed_seconds": 5.457689153961837}
{"stage": "DISPATCHED", "role": "extractor", "coordinate": "main-baking-F-same-r0-t03"}
{"stage": "RETURNED", "role": "extractor", "coordinate": "main-baking-F-same-r0-t03", "elapsed_seconds": 0.9909547690767795}
{"stage": "DISPATCHED", "role": "quinn", "coordinate": "main-baking-F-same-r0-t04"}
{"stage": "RETURNED", "role": "quinn", "coordinate": "main-baking-F-same-r0-t04", "elapsed_seconds": 0.8189035570248961}
{"stage": "DISPATCHED", "role": "gemma", "coordinate": "main-baking-F-same-r0-t04"}
{"stage": "RETURNED", "role": "gemma", "coordinate": "main-baking-F-same-r0-t04", "elapsed_seconds": 8.728202902013436}
{"stage": "DISPATCHED", "role": "extractor", "coordinate": "main-baking-F-same-r0-t04"}
{"stage": "RETURNED", "role": "extractor", "coordinate": "main-baking-F-same-r0-t04", "elapsed_seconds": 1.370042216964066}
{"stage": "DISPATCHED", "role": "quinn", "coordinate": "main-baking-F-same-r0-t05"}
{"stage": "RETURNED", "role": "quinn", "coordinate": "main-baking-F-same-r0-t05", "elapsed_seconds": 0.8641375959850848}
{"stage": "DISPATCHED", "role": "gemma", "coordinate": "main-baking-F-same-r0-t05"}
{"stage": "RETURNED", "role": "gemma", "coordinate": "main-baking-F-same-r0-t05", "elapsed_seconds": 5.837465395918116}
{"stage": "DISPATCHED", "role": "extractor", "coordinate": "main-baking-F-same-r0-t05"}
{"stage": "RETURNED", "role": "extractor", "coordinate": "main-baking-F-same-r0-t05", "elapsed_seconds": 0.9933270569890738}
{"stage": "DISPATCHED", "role": "quinn", "coordinate": "main-baking-F-same-r0-t06"}
{"stage": "RETURNED", "role": "quinn", "coordinate": "main-baking-F-same-r0-t06", "elapsed_seconds": 0.9162887858692557}
{"stage": "DISPATCHED", "role": "gemma", "coordinate": "main-baking-F-same-r0-t06"}
{"stage": "RETURNED", "role": "gemma", "coordinate": "main-baking-F-same-r0-t06", "elapsed_seconds": 5.526138290064409}
{"stage": "DISPATCHED", "role": "extractor", "coordinate": "main-baking-F-same-r0-t06"}
{"stage": "RETURNED", "role": "extractor", "coordinate": "main-baking-F-same-r0-t06", "elapsed_seconds": 0.966827989090234}
{"stage": "DISPATCHED", "role": "quinn", "coordinate": "main-baking-F-same-r0-t07"}
{"stage": "RETURNED", "role": "quinn", "coordinate": "main-baking-F-same-r0-t07", "elapsed_seconds": 0.7864866000600159}
{"stage": "DISPATCHED", "role": "gemma", "coordinate": "main-baking-F-same-r0-t07"}
{"stage": "RETURNED", "role": "gemma", "coordinate": "main-baking-F-same-r0-t07", "elapsed_seconds": 5.638424290111288}
{"stage": "DISPATCHED", "role": "extractor", "coordinate": "main-baking-F-same-r0-t07"}
{"stage": "RETURNED", "role": "extractor", "coordinate": "main-baking-F-same-r0-t07", "elapsed_seconds": 0.9733437830582261}
{"stage": "DISPATCHED", "role": "quinn", "coordinate": "main-baking-F-same-r0-t08"}
{"stage": "RETURNED", "role": "quinn", "coordinate": "main-baking-F-same-r0-t08", "elapsed_seconds": 0.9953859359957278}
{"stage": "DISPATCHED", "role": "gemma", "coordinate": "main-baking-F-same-r0-t08"}
{"stage": "RETURNED", "role": "gemma", "coordinate": "main-baking-F-same-r0-t08", "elapsed_seconds": 5.095592522062361}
{"stage": "DISPATCHED", "role": "extractor", "coordinate": "main-baking-F-same-r0-t08"}
{"stage": "RETURNED", "role": "extractor", "coordinate": "main-baking-F-same-r0-t08", "elapsed_seconds": 0.9253996079787612}
{"stage": "DISPATCHED", "role": "quinn", "coordinate": "main-baking-F-same-r0-t09"}
{"stage": "RETURNED", "role": "quinn", "coordinate": "main-baking-F-same-r0-t09", "elapsed_seconds": 0.5896767240483314}
{"stage": "DISPATCHED", "role": "gemma", "coordinate": "main-baking-S-rephrased-r0-t01"}
{"stage": "RETURNED", "role": "gemma", "coordinate": "main-baking-S-rephrased-r0-t01", "elapsed_seconds": 5.732721372973174}
{"stage": "DISPATCHED", "role": "extractor", "coordinate": "main-baking-S-rephrased-r0-t01"}
{"stage": "RETURNED", "role": "extractor", "coordinate": "main-baking-S-rephrased-r0-t01", "elapsed_seconds": 1.0345323418732733}
{"stage": "DISPATCHED", "role": "quinn", "coordinate": "main-baking-S-rephrased-r0-t02"}
{"stage": "RETURNED", "role": "quinn", "coordinate": "main-baking-S-rephrased-r0-t02", "elapsed_seconds": 0.8240387749392539}
{"stage": "DISPATCHED", "role": "gemma", "coordinate": "main-baking-S-rephrased-r0-t02"}
{"stage": "RETURNED", "role": "gemma", "coordinate": "main-baking-S-rephrased-r0-t02", "elapsed_seconds": 6.206329606007785}
{"stage": "DISPATCHED", "role": "extractor", "coordinate": "main-baking-S-rephrased-r0-t02"}
{"stage": "RETURNED", "role": "extractor", "coordinate": "main-baking-S-rephrased-r0-t02", "elapsed_seconds": 1.130561368074268}
{"stage": "DISPATCHED", "role": "quinn", "coordinate": "main-baking-S-rephrased-r0-t03"}
{"stage": "RETURNED", "role": "quinn", "coordinate": "main-baking-S-rephrased-r0-t03", "elapsed_seconds": 0.8538938860874623}
{"stage": "DISPATCHED", "role": "gemma", "coordinate": "main-baking-S-rephrased-r0-t03"}
{"stage": "RETURNED", "role": "gemma", "coordinate": "main-baking-S-rephrased-r0-t03", "elapsed_seconds": 7.3704716640058905}
{"stage": "DISPATCHED", "role": "extractor", "coordinate": "main-baking-S-rephrased-r0-t03"}
{"stage": "RETURNED", "role": "extractor", "coordinate": "main-baking-S-rephrased-r0-t03", "elapsed_seconds": 1.1984625700861216}
{"stage": "DISPATCHED", "role": "quinn", "coordinate": "main-baking-S-rephrased-r0-t04"}
{"stage": "RETURNED", "role": "quinn", "coordinate": "main-baking-S-rephrased-r0-t04", "elapsed_seconds": 0.7620227481238544}
{"stage": "DISPATCHED", "role": "gemma", "coordinate": "main-baking-S-rephrased-r0-t04"}
{"stage": "RETURNED", "role": "gemma", "coordinate": "main-baking-S-rephrased-r0-t04", "elapsed_seconds": 8.713688398944214}
{"stage": "DISPATCHED", "role": "extractor", "coordinate": "main-baking-S-rephrased-r0-t04"}
{"stage": "RETURNED", "role": "extractor", "coordinate": "main-baking-S-rephrased-r0-t04", "elapsed_seconds": 1.3702817619778216}
{"stage": "DISPATCHED", "role": "quinn", "coordinate": "main-baking-S-rephrased-r0-t05"}
{"stage": "RETURNED", "role": "quinn", "coordinate": "main-baking-S-rephrased-r0-t05", "elapsed_seconds": 0.748405687045306}
{"stage": "DISPATCHED", "role": "gemma", "coordinate": "main-baking-S-rephrased-r0-t05"}
{"stage": "RETURNED", "role": "gemma", "coordinate": "main-baking-S-rephrased-r0-t05", "elapsed_seconds": 9.226206063991413}
{"stage": "DISPATCHED", "role": "extractor", "coordinate": "main-baking-S-rephrased-r0-t05"}
{"stage": "RETURNED", "role": "extractor", "coordinate": "main-baking-S-rephrased-r0-t05", "elapsed_seconds": 1.4000981680583209}
{"stage": "DISPATCHED", "role": "quinn", "coordinate": "main-baking-S-rephrased-r0-t06"}
{"stage": "RETURNED", "role": "quinn", "coordinate": "main-baking-S-rephrased-r0-t06", "elapsed_seconds": 0.8083911160938442}
{"stage": "DISPATCHED", "role": "gemma", "coordinate": "main-baking-S-rephrased-r0-t06"}
{"stage": "RETURNED", "role": "gemma", "coordinate": "main-baking-S-rephrased-r0-t06", "elapsed_seconds": 7.079587803920731}
{"stage": "DISPATCHED", "role": "extractor", "coordinate": "main-baking-S-rephrased-r0-t06"}
{"stage": "RETURNED", "role": "extractor", "coordinate": "main-baking-S-rephrased-r0-t06", "elapsed_seconds": 1.1431546830572188}
{"stage": "DISPATCHED", "role": "quinn", "coordinate": "main-baking-S-rephrased-r0-t07"}
{"stage": "RETURNED", "role": "quinn", "coordinate": "main-baking-S-rephrased-r0-t07", "elapsed_seconds": 0.8506576039362699}
{"stage": "DISPATCHED", "role": "gemma", "coordinate": "main-baking-S-rephrased-r0-t07"}
{"stage": "RETURNED", "role": "gemma", "coordinate": "main-baking-S-rephrased-r0-t07", "elapsed_seconds": 4.965730849187821}
{"stage": "DISPATCHED", "role": "extractor", "coordinate": "main-baking-S-rephrased-r0-t07"}
{"stage": "RETURNED", "role": "extractor", "coordinate": "main-baking-S-rephrased-r0-t07", "elapsed_seconds": 0.9070476281922311}
{"stage": "DISPATCHED", "role": "quinn", "coordinate": "main-baking-S-rephrased-r0-t08"}
{"stage": "RETURNED", "role": "quinn", "coordinate": "main-baking-S-rephrased-r0-t08", "elapsed_seconds": 0.9998756479471922}
{"stage": "DISPATCHED", "role": "gemma", "coordinate": "main-baking-S-rephrased-r0-t08"}
{"stage": "RETURNED", "role": "gemma", "coordinate": "main-baking-S-rephrased-r0-t08", "elapsed_seconds": 6.053985562874004}
{"stage": "DISPATCHED", "role": "extractor", "coordinate": "main-baking-S-rephrased-r0-t08"}
{"stage": "RETURNED", "role": "extractor", "coordinate": "main-baking-S-rephrased-r0-t08", "elapsed_seconds": 1.10157017596066}
{"stage": "DISPATCHED", "role": "quinn", "coordinate": "main-baking-S-rephrased-r0-t09"}
{"stage": "RETURNED", "role": "quinn", "coordinate": "main-baking-S-rephrased-r0-t09", "elapsed_seconds": 0.7680230520199984}
{"stage": "DISPATCHED", "role": "gemma", "coordinate": "main-baking-S-rephrased-r0-t09"}
{"stage": "RETURNED", "role": "gemma", "coordinate": "main-baking-S-rephrased-r0-t09", "elapsed_seconds": 6.681929429993033}
{"stage": "DISPATCHED", "role": "extractor", "coordinate": "main-baking-S-rephrased-r0-t09"}
{"stage": "RETURNED", "role": "extractor", "coordinate": "main-baking-S-rephrased-r0-t09", "elapsed_seconds": 1.1630655429325998}
{"stage": "DISPATCHED", "role": "quinn", "coordinate": "main-baking-S-rephrased-r0-t10"}
{"stage": "RETURNED", "role": "quinn", "coordinate": "main-baking-S-rephrased-r0-t10", "elapsed_seconds": 1.0671195210888982}
{"stage": "DISPATCHED", "role": "gemma", "coordinate": "main-baking-S-rephrased-r0-t10"}
{"stage": "RETURNED", "role": "gemma", "coordinate": "main-baking-S-rephrased-r0-t10", "elapsed_seconds": 6.450312223983929}
{"stage": "DISPATCHED", "role": "extractor", "coordinate": "main-baking-S-rephrased-r0-t10"}
{"stage": "RETURNED", "role": "extractor", "coordinate": "main-baking-S-rephrased-r0-t10", "elapsed_seconds": 1.1146774562075734}
{"accepted_turns": 87, "after": "3acb45c9edf970f9f63dda6974ab4180e7fa8e2e32647bb4879f3723f04990c0", "before": "3acb45c9edf970f9f63dda6974ab4180e7fa8e2e32647bb4879f3723f04990c0", "file_sha_after": "38277e64e1e2f1f79db686845cebd0a619d4704ee8ddf1d7006660d451132d2c", "file_sha_before": "38277e64e1e2f1f79db686845cebd0a619d4704ee8ddf1d7006660d451132d2c", "measurement_calls": 0, "rejections": 2, "unchanged": true}
