{"stage": "DISPATCHED", "role": "gemma", "coordinate": "preflight-network-F-same-r0-t01"}
{"stage": "RETURNED", "role": "gemma", "coordinate": "preflight-network-F-same-r0-t01", "elapsed_seconds": 11.02211100794375}
{"stage": "DISPATCHED", "role": "extractor", "coordinate": "preflight-network-F-same-r0-t01"}
{"stage": "RETURNED", "role": "extractor", "coordinate": "preflight-network-F-same-r0-t01", "elapsed_seconds": 1.661503371084109}
{"stage": "DISPATCHED", "role": "quinn", "coordinate": "preflight-network-F-same-r0-t02"}
{"stage": "RETURNED", "role": "quinn", "coordinate": "preflight-network-F-same-r0-t02", "elapsed_seconds": 0.7727565539535135}
{"stage": "DISPATCHED", "role": "gemma", "coordinate": "preflight-network-F-same-r0-t02"}
{"stage": "RETURNED", "role": "gemma", "coordinate": "preflight-network-F-same-r0-t02", "elapsed_seconds": 9.302070976002142}
{"stage": "DISPATCHED", "role": "extractor", "coordinate": "preflight-network-F-same-r0-t02"}
{"stage": "RETURNED", "role": "extractor", "coordinate": "preflight-network-F-same-r0-t02", "elapsed_seconds": 1.344133059028536}
{"stage": "DISPATCHED", "role": "quinn", "coordinate": "preflight-network-F-same-r0-t03"}
{"stage": "RETURNED", "role": "quinn", "coordinate": "preflight-network-F-same-r0-t03", "elapsed_seconds": 0.8118416171055287}
{"stage": "DISPATCHED", "role": "gemma", "coordinate": "preflight-network-F-same-r0-t03"}
{"stage": "RETURNED", "role": "gemma", "coordinate": "preflight-network-F-same-r0-t03", "elapsed_seconds": 10.493132597068325}
{"stage": "DISPATCHED", "role": "extractor", "coordinate": "preflight-network-F-same-r0-t03"}
{"stage": "RETURNED", "role": "extractor", "coordinate": "preflight-network-F-same-r0-t03", "elapsed_seconds": 1.569184202933684}
{"stage": "DISPATCHED", "role": "gemma", "coordinate": "preflight-watering-S-rephrased-r0-t01"}
{"stage": "RETURNED", "role": "gemma", "coordinate": "preflight-watering-S-rephrased-r0-t01", "elapsed_seconds": 8.894084319006652}
{"stage": "DISPATCHED", "role": "extractor", "coordinate": "preflight-watering-S-rephrased-r0-t01"}
{"stage": "RETURNED", "role": "extractor", "coordinate": "preflight-watering-S-rephrased-r0-t01", "elapsed_seconds": 1.4435906559228897}
{"stage": "DISPATCHED", "role": "quinn", "coordinate": "preflight-watering-S-rephrased-r0-t02"}
{"stage": "RETURNED", "role": "quinn", "coordinate": "preflight-watering-S-rephrased-r0-t02", "elapsed_seconds": 0.9308774531818926}
{"stage": "DISPATCHED", "role": "gemma", "coordinate": "preflight-watering-S-rephrased-r0-t02"}
{"stage": "RETURNED", "role": "gemma", "coordinate": "preflight-watering-S-rephrased-r0-t02", "elapsed_seconds": 8.759357066825032}
{"stage": "DISPATCHED", "role": "extractor", "coordinate": "preflight-watering-S-rephrased-r0-t02"}
{"stage": "RETURNED", "role": "extractor", "coordinate": "preflight-watering-S-rephrased-r0-t02", "elapsed_seconds": 1.3122011690866202}
{"stage": "DISPATCHED", "role": "quinn", "coordinate": "preflight-watering-S-rephrased-r0-t03"}
{"stage": "RETURNED", "role": "quinn", "coordinate": "preflight-watering-S-rephrased-r0-t03", "elapsed_seconds": 0.9192921300418675}
{"stage": "DISPATCHED", "role": "gemma", "coordinate": "preflight-watering-S-rephrased-r0-t03"}
{"stage": "RETURNED", "role": "gemma", "coordinate": "preflight-watering-S-rephrased-r0-t03", "elapsed_seconds": 8.191722695017233}
{"stage": "DISPATCHED", "role": "extractor", "coordinate": "preflight-watering-S-rephrased-r0-t03"}
{"stage": "RETURNED", "role": "extractor", "coordinate": "preflight-watering-S-rephrased-r0-t03", "elapsed_seconds": 1.2560503180138767}
{"accepted_turns": 6, "after": "3acb45c9edf970f9f63dda6974ab4180e7fa8e2e32647bb4879f3723f04990c0", "before": "3acb45c9edf970f9f63dda6974ab4180e7fa8e2e32647bb4879f3723f04990c0", "file_sha_after": "38277e64e1e2f1f79db686845cebd0a619d4704ee8ddf1d7006660d451132d2c", "file_sha_before": "38277e64e1e2f1f79db686845cebd0a619d4704ee8ddf1d7006660d451132d2c", "measurement_calls": 0, "rejections": 0, "unchanged": true}
