{"stage": "DISPATCHED", "role": "gemma", "coordinate": "main-network-F-same-r2-t01"}
{"stage": "RETURNED", "role": "gemma", "coordinate": "main-network-F-same-r2-t01", "elapsed_seconds": 11.163330376148224}
{"stage": "DISPATCHED", "role": "extractor", "coordinate": "main-network-F-same-r2-t01"}
{"stage": "RETURNED", "role": "extractor", "coordinate": "main-network-F-same-r2-t01", "elapsed_seconds": 1.989234410924837}
{"stage": "DISPATCHED", "role": "quinn", "coordinate": "main-network-F-same-r2-t02"}
{"stage": "RETURNED", "role": "quinn", "coordinate": "main-network-F-same-r2-t02", "elapsed_seconds": 0.7290414879098535}
{"stage": "DISPATCHED", "role": "gemma", "coordinate": "main-network-F-same-r2-t02"}
{"stage": "RETURNED", "role": "gemma", "coordinate": "main-network-F-same-r2-t02", "elapsed_seconds": 11.56061686691828}
{"stage": "DISPATCHED", "role": "extractor", "coordinate": "main-network-F-same-r2-t02"}
{"stage": "RETURNED", "role": "extractor", "coordinate": "main-network-F-same-r2-t02", "elapsed_seconds": 1.9553696939256042}
{"stage": "DISPATCHED", "role": "quinn", "coordinate": "main-network-F-same-r2-t03"}
{"stage": "RETURNED", "role": "quinn", "coordinate": "main-network-F-same-r2-t03", "elapsed_seconds": 0.9947083920706064}
{"stage": "DISPATCHED", "role": "gemma", "coordinate": "main-network-F-same-r2-t03"}
{"stage": "RETURNED", "role": "gemma", "coordinate": "main-network-F-same-r2-t03", "elapsed_seconds": 11.299007289810106}
{"stage": "DISPATCHED", "role": "extractor", "coordinate": "main-network-F-same-r2-t03"}
{"stage": "RETURNED", "role": "extractor", "coordinate": "main-network-F-same-r2-t03", "elapsed_seconds": 1.9207405701745301}
{"stage": "DISPATCHED", "role": "quinn", "coordinate": "main-network-F-same-r2-t04"}
{"stage": "RETURNED", "role": "quinn", "coordinate": "main-network-F-same-r2-t04", "elapsed_seconds": 0.8621838698163629}
{"stage": "DISPATCHED", "role": "gemma", "coordinate": "main-network-F-same-r2-t04"}
{"stage": "RETURNED", "role": "gemma", "coordinate": "main-network-F-same-r2-t04", "elapsed_seconds": 8.53139557596296}
{"stage": "DISPATCHED", "role": "extractor", "coordinate": "main-network-F-same-r2-t04"}
{"stage": "RETURNED", "role": "extractor", "coordinate": "main-network-F-same-r2-t04", "elapsed_seconds": 1.4259269169997424}
{"stage": "DISPATCHED", "role": "quinn", "coordinate": "main-network-F-same-r2-t05"}
{"stage": "RETURNED", "role": "quinn", "coordinate": "main-network-F-same-r2-t05", "elapsed_seconds": 1.0407713148742914}
{"stage": "DISPATCHED", "role": "gemma", "coordinate": "main-network-F-same-r2-t05"}
{"stage": "RETURNED", "role": "gemma", "coordinate": "main-network-F-same-r2-t05", "elapsed_seconds": 7.273472699103877}
{"stage": "DISPATCHED", "role": "extractor", "coordinate": "main-network-F-same-r2-t05"}
{"stage": "RETURNED", "role": "extractor", "coordinate": "main-network-F-same-r2-t05", "elapsed_seconds": 1.2009001839905977}
{"stage": "DISPATCHED", "role": "quinn", "coordinate": "main-network-F-same-r2-t06"}
{"stage": "RETURNED", "role": "quinn", "coordinate": "main-network-F-same-r2-t06", "elapsed_seconds": 0.9748922840226442}
{"stage": "DISPATCHED", "role": "gemma", "coordinate": "main-network-F-same-r2-t06"}
{"stage": "RETURNED", "role": "gemma", "coordinate": "main-network-F-same-r2-t06", "elapsed_seconds": 8.48678686702624}
{"stage": "DISPATCHED", "role": "extractor", "coordinate": "main-network-F-same-r2-t06"}
{"stage": "RETURNED", "role": "extractor", "coordinate": "main-network-F-same-r2-t06", "elapsed_seconds": 1.3974559591151774}
{"stage": "DISPATCHED", "role": "quinn", "coordinate": "main-network-F-same-r2-t07"}
{"stage": "RETURNED", "role": "quinn", "coordinate": "main-network-F-same-r2-t07", "elapsed_seconds": 1.1222463268786669}
{"stage": "DISPATCHED", "role": "gemma", "coordinate": "main-network-F-same-r2-t07"}
{"stage": "RETURNED", "role": "gemma", "coordinate": "main-network-F-same-r2-t07", "elapsed_seconds": 9.951620373874903}
{"stage": "DISPATCHED", "role": "extractor", "coordinate": "main-network-F-same-r2-t07"}
{"stage": "RETURNED", "role": "extractor", "coordinate": "main-network-F-same-r2-t07", "elapsed_seconds": 1.6874128030613065}
{"stage": "DISPATCHED", "role": "quinn", "coordinate": "main-network-F-same-r2-t08"}
{"stage": "RETURNED", "role": "quinn", "coordinate": "main-network-F-same-r2-t08", "elapsed_seconds": 0.9236169981304556}
{"stage": "DISPATCHED", "role": "gemma", "coordinate": "main-network-F-same-r2-t08"}
{"stage": "RETURNED", "role": "gemma", "coordinate": "main-network-F-same-r2-t08", "elapsed_seconds": 8.086261834017932}
{"stage": "DISPATCHED", "role": "extractor", "coordinate": "main-network-F-same-r2-t08"}
{"stage": "RETURNED", "role": "extractor", "coordinate": "main-network-F-same-r2-t08", "elapsed_seconds": 1.4656330379657447}
{"stage": "DISPATCHED", "role": "quinn", "coordinate": "main-network-F-same-r2-t09"}
{"stage": "RETURNED", "role": "quinn", "coordinate": "main-network-F-same-r2-t09", "elapsed_seconds": 0.6966086819302291}
{"stage": "DISPATCHED", "role": "gemma", "coordinate": "main-network-F-same-r2-t09"}
{"stage": "RETURNED", "role": "gemma", "coordinate": "main-network-F-same-r2-t09", "elapsed_seconds": 5.120947527000681}
{"stage": "DISPATCHED", "role": "extractor", "coordinate": "main-network-F-same-r2-t09"}
{"stage": "RETURNED", "role": "extractor", "coordinate": "main-network-F-same-r2-t09", "elapsed_seconds": 1.0383343189023435}
{"stage": "DISPATCHED", "role": "quinn", "coordinate": "main-network-F-same-r2-t10"}
{"stage": "RETURNED", "role": "quinn", "coordinate": "main-network-F-same-r2-t10", "elapsed_seconds": 0.7567125090863556}
{"stage": "DISPATCHED", "role": "gemma", "coordinate": "main-network-F-same-r2-t10"}
{"stage": "RETURNED", "role": "gemma", "coordinate": "main-network-F-same-r2-t10", "elapsed_seconds": 6.327645406825468}
{"stage": "DISPATCHED", "role": "extractor", "coordinate": "main-network-F-same-r2-t10"}
{"stage": "RETURNED", "role": "extractor", "coordinate": "main-network-F-same-r2-t10", "elapsed_seconds": 1.2650225209072232}
{"accepted_turns": 10, "after": "3acb45c9edf970f9f63dda6974ab4180e7fa8e2e32647bb4879f3723f04990c0", "before": "3acb45c9edf970f9f63dda6974ab4180e7fa8e2e32647bb4879f3723f04990c0", "file_sha_after": "38277e64e1e2f1f79db686845cebd0a619d4704ee8ddf1d7006660d451132d2c", "file_sha_before": "38277e64e1e2f1f79db686845cebd0a619d4704ee8ddf1d7006660d451132d2c", "measurement_calls": 0, "rejections": 0, "unchanged": true}
