{"stage": "DISPATCHED", "role": "gemma", "coordinate": "main-network-F-new-r1-t01"}
{"stage": "RETURNED", "role": "gemma", "coordinate": "main-network-F-new-r1-t01", "elapsed_seconds": 9.414845644962043}
{"stage": "DISPATCHED", "role": "extractor", "coordinate": "main-network-F-new-r1-t01"}
{"stage": "RETURNED", "role": "extractor", "coordinate": "main-network-F-new-r1-t01", "elapsed_seconds": 1.558063151082024}
{"stage": "DISPATCHED", "role": "quinn", "coordinate": "main-network-F-new-r1-t02"}
{"stage": "RETURNED", "role": "quinn", "coordinate": "main-network-F-new-r1-t02", "elapsed_seconds": 0.6511978381313384}
{"stage": "DISPATCHED", "role": "gemma", "coordinate": "main-network-F-new-r1-t02"}
{"stage": "RETURNED", "role": "gemma", "coordinate": "main-network-F-new-r1-t02", "elapsed_seconds": 9.752097450895235}
{"stage": "DISPATCHED", "role": "extractor", "coordinate": "main-network-F-new-r1-t02"}
{"stage": "RETURNED", "role": "extractor", "coordinate": "main-network-F-new-r1-t02", "elapsed_seconds": 1.744487744057551}
{"stage": "DISPATCHED", "role": "quinn", "coordinate": "main-network-F-new-r1-t03"}
{"stage": "RETURNED", "role": "quinn", "coordinate": "main-network-F-new-r1-t03", "elapsed_seconds": 0.6978704349603504}
{"stage": "DISPATCHED", "role": "gemma", "coordinate": "main-network-F-new-r1-t03"}
{"stage": "RETURNED", "role": "gemma", "coordinate": "main-network-F-new-r1-t03", "elapsed_seconds": 9.239326204173267}
{"stage": "DISPATCHED", "role": "extractor", "coordinate": "main-network-F-new-r1-t03"}
{"stage": "RETURNED", "role": "extractor", "coordinate": "main-network-F-new-r1-t03", "elapsed_seconds": 1.4720406581182033}
{"stage": "DISPATCHED", "role": "quinn", "coordinate": "main-network-F-new-r1-t04"}
{"stage": "RETURNED", "role": "quinn", "coordinate": "main-network-F-new-r1-t04", "elapsed_seconds": 0.7393933080602437}
{"stage": "DISPATCHED", "role": "gemma", "coordinate": "main-network-F-new-r1-t04"}
{"stage": "RETURNED", "role": "gemma", "coordinate": "main-network-F-new-r1-t04", "elapsed_seconds": 6.588886122917756}
{"stage": "DISPATCHED", "role": "extractor", "coordinate": "main-network-F-new-r1-t04"}
{"stage": "RETURNED", "role": "extractor", "coordinate": "main-network-F-new-r1-t04", "elapsed_seconds": 1.085308267036453}
{"stage": "DISPATCHED", "role": "quinn", "coordinate": "main-network-F-new-r1-t05"}
{"stage": "RETURNED", "role": "quinn", "coordinate": "main-network-F-new-r1-t05", "elapsed_seconds": 0.7241206951439381}
{"stage": "DISPATCHED", "role": "gemma", "coordinate": "main-network-F-new-r1-t05"}
{"stage": "RETURNED", "role": "gemma", "coordinate": "main-network-F-new-r1-t05", "elapsed_seconds": 8.984970738878474}
{"stage": "DISPATCHED", "role": "extractor", "coordinate": "main-network-F-new-r1-t05"}
{"stage": "RETURNED", "role": "extractor", "coordinate": "main-network-F-new-r1-t05", "elapsed_seconds": 1.4517332299146801}
{"stage": "DISPATCHED", "role": "quinn", "coordinate": "main-network-F-new-r1-t06"}
{"stage": "RETURNED", "role": "quinn", "coordinate": "main-network-F-new-r1-t06", "elapsed_seconds": 0.5730052930302918}
{"stage": "DISPATCHED", "role": "gemma", "coordinate": "main-network-F-new-r1-t06"}
{"stage": "RETURNED", "role": "gemma", "coordinate": "main-network-F-new-r1-t06", "elapsed_seconds": 8.968083803076297}
{"stage": "DISPATCHED", "role": "extractor", "coordinate": "main-network-F-new-r1-t06"}
{"stage": "RETURNED", "role": "extractor", "coordinate": "main-network-F-new-r1-t06", "elapsed_seconds": 1.4587368750944734}
{"stage": "DISPATCHED", "role": "quinn", "coordinate": "main-network-F-new-r1-t07"}
{"stage": "RETURNED", "role": "quinn", "coordinate": "main-network-F-new-r1-t07", "elapsed_seconds": 0.5339892581105232}
{"stage": "DISPATCHED", "role": "gemma", "coordinate": "main-network-F-new-r1-t07"}
{"stage": "RETURNED", "role": "gemma", "coordinate": "main-network-F-new-r1-t07", "elapsed_seconds": 9.130562710110098}
{"stage": "DISPATCHED", "role": "extractor", "coordinate": "main-network-F-new-r1-t07"}
{"stage": "RETURNED", "role": "extractor", "coordinate": "main-network-F-new-r1-t07", "elapsed_seconds": 1.5283761520404369}
{"stage": "DISPATCHED", "role": "quinn", "coordinate": "main-network-F-new-r1-t08"}
{"stage": "RETURNED", "role": "quinn", "coordinate": "main-network-F-new-r1-t08", "elapsed_seconds": 0.6487796709407121}
{"stage": "DISPATCHED", "role": "gemma", "coordinate": "main-network-F-new-r1-t08"}
{"stage": "RETURNED", "role": "gemma", "coordinate": "main-network-F-new-r1-t08", "elapsed_seconds": 10.32760818512179}
{"stage": "DISPATCHED", "role": "extractor", "coordinate": "main-network-F-new-r1-t08"}
{"stage": "RETURNED", "role": "extractor", "coordinate": "main-network-F-new-r1-t08", "elapsed_seconds": 1.6744925689417869}
{"stage": "DISPATCHED", "role": "quinn", "coordinate": "main-network-F-new-r1-t09"}
{"stage": "RETURNED", "role": "quinn", "coordinate": "main-network-F-new-r1-t09", "elapsed_seconds": 0.8034487450495362}
{"stage": "DISPATCHED", "role": "gemma", "coordinate": "main-network-F-new-r1-t09"}
{"stage": "RETURNED", "role": "gemma", "coordinate": "main-network-F-new-r1-t09", "elapsed_seconds": 8.331701640039682}
{"stage": "DISPATCHED", "role": "extractor", "coordinate": "main-network-F-new-r1-t09"}
{"stage": "RETURNED", "role": "extractor", "coordinate": "main-network-F-new-r1-t09", "elapsed_seconds": 1.432813833002001}
{"stage": "DISPATCHED", "role": "quinn", "coordinate": "main-network-F-new-r1-t10"}
{"stage": "RETURNED", "role": "quinn", "coordinate": "main-network-F-new-r1-t10", "elapsed_seconds": 0.6571054270025343}
{"stage": "DISPATCHED", "role": "gemma", "coordinate": "main-network-F-new-r1-t10"}
{"stage": "RETURNED", "role": "gemma", "coordinate": "main-network-F-new-r1-t10", "elapsed_seconds": 6.349910119082779}
{"stage": "DISPATCHED", "role": "extractor", "coordinate": "main-network-F-new-r1-t10"}
{"stage": "RETURNED", "role": "extractor", "coordinate": "main-network-F-new-r1-t10", "elapsed_seconds": 1.1453373469412327}
{"accepted_turns": 10, "after": "3acb45c9edf970f9f63dda6974ab4180e7fa8e2e32647bb4879f3723f04990c0", "before": "3acb45c9edf970f9f63dda6974ab4180e7fa8e2e32647bb4879f3723f04990c0", "file_sha_after": "38277e64e1e2f1f79db686845cebd0a619d4704ee8ddf1d7006660d451132d2c", "file_sha_before": "38277e64e1e2f1f79db686845cebd0a619d4704ee8ddf1d7006660d451132d2c", "measurement_calls": 0, "rejections": 0, "unchanged": true}
