{"stage": "DISPATCHED", "role": "gemma", "coordinate": "p002-t01"}
{"stage": "RETURNED", "role": "gemma", "coordinate": "p002-t01", "elapsed_seconds": 9.302674071164802}
{"stage": "DISPATCHED", "role": "extractor", "coordinate": "p002-t01"}
{"stage": "RETURNED", "role": "extractor", "coordinate": "p002-t01", "elapsed_seconds": 1.491542116040364}
{"stage": "DISPATCHED", "role": "quinn", "coordinate": "p002-t02"}
{"stage": "RETURNED", "role": "quinn", "coordinate": "p002-t02", "elapsed_seconds": 0.6019301579799503}
{"stage": "DISPATCHED", "role": "gemma", "coordinate": "p003-t01"}
{"stage": "RETURNED", "role": "gemma", "coordinate": "p003-t01", "elapsed_seconds": 7.6139516311232}
{"stage": "DISPATCHED", "role": "extractor", "coordinate": "p003-t01"}
{"stage": "RETURNED", "role": "extractor", "coordinate": "p003-t01", "elapsed_seconds": 1.4983713570982218}
{"stage": "DISPATCHED", "role": "quinn", "coordinate": "p003-t02"}
{"stage": "RETURNED", "role": "quinn", "coordinate": "p003-t02", "elapsed_seconds": 0.7557652888353914}
{"stage": "DISPATCHED", "role": "gemma", "coordinate": "p003-t02"}
{"stage": "RETURNED", "role": "gemma", "coordinate": "p003-t02", "elapsed_seconds": 6.505319847958162}
{"stage": "DISPATCHED", "role": "extractor", "coordinate": "p003-t02"}
{"stage": "RETURNED", "role": "extractor", "coordinate": "p003-t02", "elapsed_seconds": 1.364445260958746}
{"stage": "DISPATCHED", "role": "quinn", "coordinate": "p003-t03"}
{"stage": "RETURNED", "role": "quinn", "coordinate": "p003-t03", "elapsed_seconds": 0.5591711469460279}
{"stage": "DISPATCHED", "role": "gemma", "coordinate": "p003-t03"}
{"stage": "RETURNED", "role": "gemma", "coordinate": "p003-t03", "elapsed_seconds": 6.467174160061404}
{"stage": "DISPATCHED", "role": "extractor", "coordinate": "p003-t03"}
{"stage": "RETURNED", "role": "extractor", "coordinate": "p003-t03", "elapsed_seconds": 1.2931375070475042}
{"stage": "DISPATCHED", "role": "quinn", "coordinate": "p003-t04"}
{"stage": "RETURNED", "role": "quinn", "coordinate": "p003-t04", "elapsed_seconds": 0.6307043160777539}
{"stage": "DISPATCHED", "role": "gemma", "coordinate": "p003-t04"}
{"stage": "RETURNED", "role": "gemma", "coordinate": "p003-t04", "elapsed_seconds": 4.670822826912627}
{"stage": "DISPATCHED", "role": "extractor", "coordinate": "p003-t04"}
{"stage": "RETURNED", "role": "extractor", "coordinate": "p003-t04", "elapsed_seconds": 1.0220455669332296}
{"stage": "DISPATCHED", "role": "quinn", "coordinate": "p003-t05"}
{"stage": "RETURNED", "role": "quinn", "coordinate": "p003-t05", "elapsed_seconds": 0.5876645660027862}
{"stage": "DISPATCHED", "role": "gemma", "coordinate": "p003-t05"}
{"stage": "RETURNED", "role": "gemma", "coordinate": "p003-t05", "elapsed_seconds": 4.979279632912949}
{"stage": "DISPATCHED", "role": "extractor", "coordinate": "p003-t05"}
{"stage": "RETURNED", "role": "extractor", "coordinate": "p003-t05", "elapsed_seconds": 1.1545998291112483}
{"stage": "DISPATCHED", "role": "quinn", "coordinate": "p003-t06"}
{"stage": "RETURNED", "role": "quinn", "coordinate": "p003-t06", "elapsed_seconds": 0.5571256449911743}
{"stage": "DISPATCHED", "role": "gemma", "coordinate": "p003-t06"}
{"stage": "RETURNED", "role": "gemma", "coordinate": "p003-t06", "elapsed_seconds": 4.48201819206588}
{"stage": "DISPATCHED", "role": "extractor", "coordinate": "p003-t06"}
{"stage": "RETURNED", "role": "extractor", "coordinate": "p003-t06", "elapsed_seconds": 1.0938581281807274}
{"stage": "DISPATCHED", "role": "quinn", "coordinate": "p003-t07"}
{"stage": "RETURNED", "role": "quinn", "coordinate": "p003-t07", "elapsed_seconds": 0.6151810539886355}
{"stage": "DISPATCHED", "role": "gemma", "coordinate": "p003-t07"}
{"stage": "RETURNED", "role": "gemma", "coordinate": "p003-t07", "elapsed_seconds": 5.175929263001308}
{"stage": "DISPATCHED", "role": "extractor", "coordinate": "p003-t07"}
{"stage": "RETURNED", "role": "extractor", "coordinate": "p003-t07", "elapsed_seconds": 1.22368976008147}
{"stage": "DISPATCHED", "role": "quinn", "coordinate": "p003-t08"}
{"stage": "RETURNED", "role": "quinn", "coordinate": "p003-t08", "elapsed_seconds": 0.6344493089709431}
{"stage": "DISPATCHED", "role": "gemma", "coordinate": "p003-t08"}
{"stage": "RETURNED", "role": "gemma", "coordinate": "p003-t08", "elapsed_seconds": 4.039705763803795}
{"stage": "DISPATCHED", "role": "extractor", "coordinate": "p003-t08"}
{"stage": "RETURNED", "role": "extractor", "coordinate": "p003-t08", "elapsed_seconds": 1.0326872381847352}
{"stage": "DISPATCHED", "role": "gemma", "coordinate": "p004-t01"}
{"stage": "RETURNED", "role": "gemma", "coordinate": "p004-t01", "elapsed_seconds": 7.72877186210826}
{"stage": "DISPATCHED", "role": "extractor", "coordinate": "p004-t01"}
{"stage": "RETURNED", "role": "extractor", "coordinate": "p004-t01", "elapsed_seconds": 1.5947685590945184}
{"stage": "DISPATCHED", "role": "quinn", "coordinate": "p004-t02"}
{"stage": "RETURNED", "role": "quinn", "coordinate": "p004-t02", "elapsed_seconds": 0.4946103231050074}
{"stage": "DISPATCHED", "role": "gemma", "coordinate": "p004-t02"}
{"stage": "RETURNED", "role": "gemma", "coordinate": "p004-t02", "elapsed_seconds": 11.537575131980702}
{"stage": "DISPATCHED", "role": "extractor", "coordinate": "p004-t02"}
{"stage": "RETURNED", "role": "extractor", "coordinate": "p004-t02", "elapsed_seconds": 2.436911447905004}
{"stage": "DISPATCHED", "role": "quinn", "coordinate": "p004-t03"}
{"stage": "RETURNED", "role": "quinn", "coordinate": "p004-t03", "elapsed_seconds": 0.49291764199733734}
{"stage": "DISPATCHED", "role": "gemma", "coordinate": "p004-t03"}
{"stage": "RETURNED", "role": "gemma", "coordinate": "p004-t03", "elapsed_seconds": 10.009057798888534}
{"stage": "DISPATCHED", "role": "extractor", "coordinate": "p004-t03"}
{"stage": "RETURNED", "role": "extractor", "coordinate": "p004-t03", "elapsed_seconds": 2.1175443921238184}
{"stage": "DISPATCHED", "role": "quinn", "coordinate": "p004-t04"}
{"stage": "RETURNED", "role": "quinn", "coordinate": "p004-t04", "elapsed_seconds": 0.46866504685021937}
{"stage": "DISPATCHED", "role": "gemma", "coordinate": "p004-t04"}
{"stage": "RETURNED", "role": "gemma", "coordinate": "p004-t04", "elapsed_seconds": 10.98946985998191}
{"stage": "DISPATCHED", "role": "extractor", "coordinate": "p004-t04"}
{"stage": "RETURNED", "role": "extractor", "coordinate": "p004-t04", "elapsed_seconds": 3.454684244003147}
{"stage": "DISPATCHED", "role": "quinn", "coordinate": "p004-t05"}
{"stage": "RETURNED", "role": "quinn", "coordinate": "p004-t05", "elapsed_seconds": 2.049856858095154}
{"stage": "DISPATCHED", "role": "gemma", "coordinate": "p004-t05"}
{"stage": "RETURNED", "role": "gemma", "coordinate": "p004-t05", "elapsed_seconds": 8.408115907106549}
{"stage": "DISPATCHED", "role": "extractor", "coordinate": "p004-t05"}
{"stage": "RETURNED", "role": "extractor", "coordinate": "p004-t05", "elapsed_seconds": 2.126282865880057}
{"stage": "DISPATCHED", "role": "quinn", "coordinate": "p004-t06"}
{"stage": "RETURNED", "role": "quinn", "coordinate": "p004-t06", "elapsed_seconds": 0.5468503159936517}
{"stage": "DISPATCHED", "role": "gemma", "coordinate": "p004-t06"}
{"stage": "RETURNED", "role": "gemma", "coordinate": "p004-t06", "elapsed_seconds": 8.477692428976297}
{"stage": "DISPATCHED", "role": "extractor", "coordinate": "p004-t06"}
{"stage": "RETURNED", "role": "extractor", "coordinate": "p004-t06", "elapsed_seconds": 2.2976393681019545}
{"stage": "DISPATCHED", "role": "quinn", "coordinate": "p004-t07"}
{"stage": "RETURNED", "role": "quinn", "coordinate": "p004-t07", "elapsed_seconds": 0.6181906948331743}
{"stage": "DISPATCHED", "role": "gemma", "coordinate": "p004-t07"}
{"stage": "RETURNED", "role": "gemma", "coordinate": "p004-t07", "elapsed_seconds": 7.868634599959478}
{"stage": "DISPATCHED", "role": "extractor", "coordinate": "p004-t07"}
{"stage": "RETURNED", "role": "extractor", "coordinate": "p004-t07", "elapsed_seconds": 2.2638564580120146}
{"stage": "DISPATCHED", "role": "quinn", "coordinate": "p004-t08"}
{"stage": "RETURNED", "role": "quinn", "coordinate": "p004-t08", "elapsed_seconds": 0.4724980518221855}
{"stage": "DISPATCHED", "role": "gemma", "coordinate": "p004-t08"}
{"stage": "RETURNED", "role": "gemma", "coordinate": "p004-t08", "elapsed_seconds": 7.657902559963986}
{"stage": "DISPATCHED", "role": "extractor", "coordinate": "p004-t08"}
{"stage": "RETURNED", "role": "extractor", "coordinate": "p004-t08", "elapsed_seconds": 1.3703791371081024}
{"accepted_turns": 17, "after": "3acb45c9edf970f9f63dda6974ab4180e7fa8e2e32647bb4879f3723f04990c0", "before": "3acb45c9edf970f9f63dda6974ab4180e7fa8e2e32647bb4879f3723f04990c0", "file_sha_after": "38277e64e1e2f1f79db686845cebd0a619d4704ee8ddf1d7006660d451132d2c", "file_sha_before": "38277e64e1e2f1f79db686845cebd0a619d4704ee8ddf1d7006660d451132d2c", "measurement_calls": 0, "rejections": 1, "unchanged": true}
